Initializing...
Loading settings...
Checking RPC connectivity...
Compiling workflow...
✓ Workflow compiled
✓ Simulation limits enabled
  HTTP: req=120kb resp=250kb timeout=10s | ConfHTTP: req=125kb resp=500kb timeout=1m30s | Consensus obs=25kb | ChainWrite evm_report=50kb evm_gas=10000000 solana_report=265b solana_cu=300000 | WASM binary=100mb compressed=20mb
  Binary hash: 975d82acbefc6d6d2f9cde301906c86e3469347d515dd28280c6e95824914e28
  Config hash: 3dde069af1e3e53a87e3b889da69328f2c05fd9bc60b6ac44e6dd16163fa3838
✓ Loaded JSON from file: /Users/derek/Developer/2026token2049/cre/payloads/claim.json
✓ Created HTTP trigger payload with 2 fields
2026-10-07T18:38:26Z [SIMULATION] Simulator Initialized

2026-10-07T18:38:26Z [SIMULATION] Running trigger trigger=http-trigger@1.0.0-alpha
2026-10-07T18:38:26Z [USER LOG] Witness request: claim=2LHehzzCpXXMHpWhDMZRTCsZGXTsF5kzSVJDXfjGoEmF tx=0xb9d12a5ab63a10f508a1288e0fa6db38da7a46b50d25daf06125669aec2757d7
2026-10-07T18:38:27Z [USER LOG] Facts: from=0x31777694f7b90b635b1f3b786f5d24be7651be7b to=0x7662920f66682d8996ec6b6d9e4ac9ed25a1006c value=1000000000000000000 block=47799710 status=1 confirmations=899
2026-10-07T18:38:29Z [USER LOG] Recorded claim 2LHehzzCpXXMHpWhDMZRTCsZGXTsF5kzSVJDXfjGoEmF: tx=23541hZLtRNbaJyrrZgDT4ExxMgJyUYeeetUdZF2x51Z5ZqiJcZgV4HFf4saUYsNyBJdZt2JXyLRkH1arfG81b2u explorer=https://explorer.solana.com/tx/23541hZLtRNbaJyrrZgDT4ExxMgJyUYeeetUdZF2x51Z5ZqiJcZgV4HFf4saUYsNyBJdZt2JXyLRkH1arfG81b2u?cluster=devnet

✓ Workflow Simulation Result:
{
  "Block": "47799710",
  "Claim": "2LHehzzCpXXMHpWhDMZRTCsZGXTsF5kzSVJDXfjGoEmF",
  "Confirmations": "899",
  "Signature": "23541hZLtRNbaJyrrZgDT4ExxMgJyUYeeetUdZF2x51Z5ZqiJcZgV4HFf4saUYsNyBJdZt2JXyLRkH1arfG81b2u",
  "Success": true,
  "TxHash": "0xb9d12a5ab63a10f508a1288e0fa6db38da7a46b50d25daf06125669aec2757d7"
}

2026-10-07T18:38:29Z [SIMULATION] Execution finished signal received
2026-10-07T18:38:29Z [SIMULATION] Skipping WorkflowEngineV2

╭──────────────────────────────────────────────────────╮
│ Simulation complete! Ready to deploy your workflow?  │
│                                                      │
│ Run cre account access to request deployment access. │
╰──────────────────────────────────────────────────────╯
